V3 12
FL C:/hlocal/p2/pcores/my_plb_peripheral_v1_00_a/hdl/vhdl/my_plb_peripheral.vhd 2017/11/06.16:54:33 P.15xf
EN my_plb_peripheral_v1_00_a/my_plb_peripheral 1509984189 \
      FL C:/hlocal/p2/pcores/my_plb_peripheral_v1_00_a/hdl/vhdl/my_plb_peripheral.vhd \
      PB ieee/std_logic_1164 1335251622 PB ieee/std_logic_arith 1335251623 \
      PB ieee/STD_LOGIC_UNSIGNED 1335251625 LB proc_common_v3_00_a \
      PB proc_common_v3_00_a/proc_common_pkg 1509984476 \
      PB proc_common_v3_00_a/ipif_pkg 1509984174 LB plbv46_slave_single_v1_01_a \
      EN plbv46_slave_single_v1_01_a/plbv46_slave_single 1509984185 \
      LB my_plb_peripheral_v1_00_a EN my_plb_peripheral_v1_00_a/user_logic 1509984479
AR my_plb_peripheral_v1_00_a/my_plb_peripheral/IMP 1509984190 \
      FL C:/hlocal/p2/pcores/my_plb_peripheral_v1_00_a/hdl/vhdl/my_plb_peripheral.vhd \
      EN my_plb_peripheral_v1_00_a/my_plb_peripheral 1509984189 \
      CP plbv46_slave_single_v1_01_a/plbv46_slave_single \
      CP my_plb_peripheral_v1_00_a/user_logic
FL C:/hlocal/p2/pcores/my_plb_peripheral_v1_00_a/hdl/vhdl/user_logic.vhd 2017/11/06.17:02:36 P.15xf
EN my_plb_peripheral_v1_00_a/user_logic 1509984479 \
      FL C:/hlocal/p2/pcores/my_plb_peripheral_v1_00_a/hdl/vhdl/user_logic.vhd \
      PB ieee/std_logic_1164 1335251622 PB ieee/std_logic_arith 1335251623 \
      PB ieee/STD_LOGIC_UNSIGNED 1335251625 LB proc_common_v3_00_a \
      PB proc_common_v3_00_a/proc_common_pkg 1509984476
AR my_plb_peripheral_v1_00_a/user_logic/IMP 1509984480 \
      FL C:/hlocal/p2/pcores/my_plb_peripheral_v1_00_a/hdl/vhdl/user_logic.vhd \
      EN my_plb_peripheral_v1_00_a/user_logic 1509984479 CP pro
